    Updating crates.io index
 Downloading crates ...
  Downloaded aho-corasick v1.1.4
  Downloaded arrayvec v0.7.6
  Downloaded anyhow v1.0.100
  Downloaded base64 v0.22.1
  Downloaded fnv v1.0.7
  Downloaded errno v0.3.14
  Downloaded cfg-if v1.0.4
  Downloaded cursor-icon v1.2.0
  Downloaded strsim v0.9.3
  Downloaded darling_macro v0.10.2
  Downloaded home v0.5.12
  Downloaded emacs-macros v0.17.0
  Downloaded scopeguard v1.2.0
  Downloaded once_cell v1.21.3
  Downloaded quote v1.0.42
  Downloaded thiserror-impl v1.0.69
  Downloaded ident_case v1.0.1
  Downloaded rustix-openpty v0.2.0
  Downloaded rustc_version v0.2.3
  Downloaded semver-parser v0.7.0
  Downloaded lock_api v0.4.14
  Downloaded parking_lot_core v0.9.12
  Downloaded signal-hook-registry v1.4.7
  Downloaded ctor v0.1.26
  Downloaded darling v0.10.2
  Downloaded semver v0.9.0
  Downloaded thiserror v1.0.69
  Downloaded log v0.4.29
  Downloaded proc-macro2 v1.0.103
  Downloaded unicode-ident v1.0.22
  Downloaded alacritty_terminal v0.25.1
  Downloaded smallvec v1.15.1
  Downloaded darling_core v0.10.2
  Downloaded polling v3.11.0
  Downloaded signal-hook v0.3.18
  Downloaded bitflags v2.10.0
  Downloaded serde_derive v1.0.228
  Downloaded parking_lot v0.12.5
  Downloaded vte v0.15.0
  Downloaded memchr v2.7.6
  Downloaded serde_core v1.0.228
  Downloaded serde v1.0.228
  Downloaded syn v1.0.109
  Downloaded unicode-width v0.2.2
  Downloaded syn v2.0.111
  Downloaded regex-syntax v0.8.8
  Downloaded rustix v1.1.2
  Downloaded regex-automata v0.4.13
  Downloaded libc v0.2.178
  Downloaded linux-raw-sys v0.11.0
  Downloaded emacs v0.19.0
  Downloaded emacs_module v0.18.0
   Compiling proc-macro2 v1.0.103
   Compiling unicode-ident v1.0.22
   Compiling quote v1.0.42
   Compiling serde_core v1.0.228
   Compiling syn v1.0.109
   Compiling libc v0.2.178
   Compiling rustix v1.1.2
   Compiling ident_case v1.0.1
   Compiling strsim v0.9.3
   Compiling fnv v1.0.7
   Compiling syn v2.0.111
   Compiling memchr v2.7.6
   Compiling bitflags v2.10.0
   Compiling linux-raw-sys v0.11.0
   Compiling serde v1.0.228
   Compiling cfg-if v1.0.4
   Compiling parking_lot_core v0.9.12
   Compiling serde_derive v1.0.228
   Compiling anyhow v1.0.100
   Compiling scopeguard v1.2.0
   Compiling darling_core v0.10.2
   Compiling signal-hook v0.3.18
   Compiling darling_macro v0.10.2
   Compiling smallvec v1.15.1
   Compiling emacs_module v0.18.0
   Compiling thiserror v1.0.69
   Compiling darling v0.10.2
   Compiling lock_api v0.4.14
   Compiling thiserror-impl v1.0.69
   Compiling aho-corasick v1.1.4
   Compiling signal-hook-registry v1.4.7
   Compiling cursor-icon v1.2.0
   Compiling arrayvec v0.7.6
   Compiling log v0.4.29
   Compiling regex-syntax v0.8.8
   Compiling vte v0.15.0
   Compiling polling v3.11.0
   Compiling regex-automata v0.4.13
   Compiling rustix-openpty v0.2.0
   Compiling parking_lot v0.12.5
   Compiling emacs-macros v0.17.0
   Compiling ctor v0.1.26
   Compiling home v0.5.12
   Compiling unicode-width v0.2.2
   Compiling once_cell v1.21.3
   Compiling base64 v0.22.1
   Compiling emacs v0.19.0
   Compiling alacritty_terminal v0.25.1
   Compiling alacritty-emacs v0.1.0 (/home/runner/work/Emacs-Multiplexing-Study/Emacs-Multiplexing-Study/out/src/alacritty)
    Finished `release` profile [optimized] target(s) in 14.54s
