STEP 1/10: FROM debian@sha256:9cc080028c43b27d2074d63a5f9caf7166d731494965616c1a6d2827a004585c
STEP 2/10: COPY vendor/lab-debs.tar.gz /tmp/lab-debs.tar.gz
--> Using cache c1edc8aafe20d2029c5cea299c2666532e3972229a35db84ae1cb2d8f6a06fc7
--> c1edc8aafe20
STEP 3/10: RUN mkdir /tmp/debs && tar -xf /tmp/lab-debs.tar.gz -C /tmp/debs --strip-components=1 &&     (DEBIAN_FRONTEND=noninteractive dpkg -i /tmp/debs/*.deb || DEBIAN_FRONTEND=noninteractive dpkg -i /tmp/debs/*.deb || DEBIAN_FRONTEND=noninteractive dpkg -i /tmp/debs/*.deb) && rm -rf /tmp/debs /tmp/lab-debs.tar.gz &&     useradd -m -s /bin/bash study && mkdir -p /run/sshd /study && chown study:study /study
--> Using cache 6b07746124ae13253be34b4890217baf0bba5046bce2def544d82985eae762bc
--> 6b07746124ae
STEP 4/10: COPY vendor/extra-debs/ /tmp/extra-debs/
--> 4b47ed0ed8b5
STEP 5/10: RUN dpkg -i /tmp/extra-debs/*.deb && rm -rf /tmp/extra-debs
Selecting previously unselected package make.
(Reading database ... 21296 files and directories currently installed.)
Preparing to unpack .../make_4.4.1-2_amd64.deb ...
Unpacking make (4.4.1-2) ...
Setting up make (4.4.1-2) ...
--> efadd6b9d6d7
STEP 6/10: COPY --chown=study:study . /study
--> 28b5933d6e4a
STEP 7/10: USER study
--> 5686d411ad2b
STEP 8/10: WORKDIR /study
--> 95b2c6b2dd45
STEP 9/10: RUN python3 scripts/prepare.py
-- The C compiler identification is GNU 14.2.0
-- Detecting C compiler ABI info
-- Detecting C compiler ABI info - done
-- Check for working C compiler: /usr/bin/cc - skipped
-- Detecting C compile features
-- Detecting C compile features - done
-- No build type selected, defaulting to RelWithDebInfo
-- System libvterm detected
-- Configuring done (0.1s)
-- Generating done (0.0s)
-- Build files have been written to: /study/.runtime/build-vterm
[ 25%] Building C object CMakeFiles/vterm-module.dir/utf8.c.o
[ 50%] Building C object CMakeFiles/vterm-module.dir/vterm-module.c.o
[ 75%] Building C object CMakeFiles/vterm-module.dir/elisp.c.o
[100%] Linking C shared module /study/sources/vterm/vterm-module.so
[100%] Built target vterm-module
"/study/sources/ghostel/etc/terminfo/xterm-ghostty.terminfo", line 2, col 31, terminal 'xterm-ghostty': older tic versions may treat the description field as an alias
"/study/sources/eterm-256color/eterm-256color.ti", line 9, terminal 'eterm-256color': resolution of use=eterm-color failed
Traceback (most recent call last):
  File "/study/scripts/prepare.py", line 16, in <module>
    subprocess.run(['tic','-x','-o',str(terminfo),str(p)],check=True)
    ~~~~~~~~~~~~~~^^^^^^^^^^^^^^^^^^^^^^^^^^^^^^^^^^^^^^^^^^^^^^^^^^^
  File "/usr/lib/python3.13/subprocess.py", line 577, in run
    raise CalledProcessError(retcode, process.args,
                             output=stdout, stderr=stderr)
subprocess.CalledProcessError: Command '['tic', '-x', '-o', '/study/.runtime/terminfo', '/study/sources/eterm-256color/eterm-256color.ti']' returned non-zero exit status 1.
Error: building at STEP "RUN python3 scripts/prepare.py": while running runtime: exit status 1
